Archive member included to satisfy reference by file (symbol)

D:/CubeIDE/STM32CubeIDE_1.13.2/STM32CubeIDE/plugins/com.st.stm32cube.ide.mcu.externaltools.gnu-tools-for-stm32.11.3.rel1.win32_1.1.1.202309131626/tools/bin/../lib/gcc/arm-none-eabi/11.3.1/../../../../arm-none-eabi/lib/thumb/v7-m/nofp\libc_nano.a(libc_a-exit.o)
                              D:/CubeIDE/STM32CubeIDE_1.13.2/STM32CubeIDE/plugins/com.st.stm32cube.ide.mcu.externaltools.gnu-tools-for-stm32.11.3.rel1.win32_1.1.1.202309131626/tools/bin/../lib/gcc/arm-none-eabi/11.3.1/../../../../arm-none-eabi/lib/thumb/v7-m/nofp/crt0.o (exit)
D:/CubeIDE/STM32CubeIDE_1.13.2/STM32CubeIDE/plugins/com.st.stm32cube.ide.mcu.externaltools.gnu-tools-for-stm32.11.3.rel1.win32_1.1.1.202309131626/tools/bin/../lib/gcc/arm-none-eabi/11.3.1/../../../../arm-none-eabi/lib/thumb/v7-m/nofp\libc_nano.a(libc_a-findfp.o)
                              D:/CubeIDE/STM32CubeIDE_1.13.2/STM32CubeIDE/plugins/com.st.stm32cube.ide.mcu.externaltools.gnu-tools-for-stm32.11.3.rel1.win32_1.1.1.202309131626/tools/bin/../lib/gcc/arm-none-eabi/11.3.1/../../../../arm-none-eabi/lib/thumb/v7-m/nofp\libc_nano.a(libc_a-exit.o) (__stdio_exit_handler)
D:/CubeIDE/STM32CubeIDE_1.13.2/STM32CubeIDE/plugins/com.st.stm32cube.ide.mcu.externaltools.gnu-tools-for-stm32.11.3.rel1.win32_1.1.1.202309131626/tools/bin/../lib/gcc/arm-none-eabi/11.3.1/../../../../arm-none-eabi/lib/thumb/v7-m/nofp\libc_nano.a(libc_a-fwalk.o)
                              D:/CubeIDE/STM32CubeIDE_1.13.2/STM32CubeIDE/plugins/com.st.stm32cube.ide.mcu.externaltools.gnu-tools-for-stm32.11.3.rel1.win32_1.1.1.202309131626/tools/bin/../lib/gcc/arm-none-eabi/11.3.1/../../../../arm-none-eabi/lib/thumb/v7-m/nofp\libc_nano.a(libc_a-findfp.o) (_fwalk_sglue)
D:/CubeIDE/STM32CubeIDE_1.13.2/STM32CubeIDE/plugins/com.st.stm32cube.ide.mcu.externaltools.gnu-tools-for-stm32.11.3.rel1.win32_1.1.1.202309131626/tools/bin/../lib/gcc/arm-none-eabi/11.3.1/../../../../arm-none-eabi/lib/thumb/v7-m/nofp\libc_nano.a(libc_a-stdio.o)
                              D:/CubeIDE/STM32CubeIDE_1.13.2/STM32CubeIDE/plugins/com.st.stm32cube.ide.mcu.externaltools.gnu-tools-for-stm32.11.3.rel1.win32_1.1.1.202309131626/tools/bin/../lib/gcc/arm-none-eabi/11.3.1/../../../../arm-none-eabi/lib/thumb/v7-m/nofp\libc_nano.a(libc_a-findfp.o) (__sread)
D:/CubeIDE/STM32CubeIDE_1.13.2/STM32CubeIDE/plugins/com.st.stm32cube.ide.mcu.externaltools.gnu-tools-for-stm32.11.3.rel1.win32_1.1.1.202309131626/tools/bin/../lib/gcc/arm-none-eabi/11.3.1/../../../../arm-none-eabi/lib/thumb/v7-m/nofp\libc_nano.a(libc_a-memset.o)
                              D:/CubeIDE/STM32CubeIDE_1.13.2/STM32CubeIDE/plugins/com.st.stm32cube.ide.mcu.externaltools.gnu-tools-for-stm32.11.3.rel1.win32_1.1.1.202309131626/tools/bin/../lib/gcc/arm-none-eabi/11.3.1/../../../../arm-none-eabi/lib/thumb/v7-m/nofp/crt0.o (memset)
D:/CubeIDE/STM32CubeIDE_1.13.2/STM32CubeIDE/plugins/com.st.stm32cube.ide.mcu.externaltools.gnu-tools-for-stm32.11.3.rel1.win32_1.1.1.202309131626/tools/bin/../lib/gcc/arm-none-eabi/11.3.1/../../../../arm-none-eabi/lib/thumb/v7-m/nofp\libc_nano.a(libc_a-closer.o)
                              D:/CubeIDE/STM32CubeIDE_1.13.2/STM32CubeIDE/plugins/com.st.stm32cube.ide.mcu.externaltools.gnu-tools-for-stm32.11.3.rel1.win32_1.1.1.202309131626/tools/bin/../lib/gcc/arm-none-eabi/11.3.1/../../../../arm-none-eabi/lib/thumb/v7-m/nofp\libc_nano.a(libc_a-stdio.o) (_close_r)
D:/CubeIDE/STM32CubeIDE_1.13.2/STM32CubeIDE/plugins/com.st.stm32cube.ide.mcu.externaltools.gnu-tools-for-stm32.11.3.rel1.win32_1.1.1.202309131626/tools/bin/../lib/gcc/arm-none-eabi/11.3.1/../../../../arm-none-eabi/lib/thumb/v7-m/nofp\libc_nano.a(libc_a-reent.o)
                              D:/CubeIDE/STM32CubeIDE_1.13.2/STM32CubeIDE/plugins/com.st.stm32cube.ide.mcu.externaltools.gnu-tools-for-stm32.11.3.rel1.win32_1.1.1.202309131626/tools/bin/../lib/gcc/arm-none-eabi/11.3.1/../../../../arm-none-eabi/lib/thumb/v7-m/nofp\libc_nano.a(libc_a-closer.o) (errno)
D:/CubeIDE/STM32CubeIDE_1.13.2/STM32CubeIDE/plugins/com.st.stm32cube.ide.mcu.externaltools.gnu-tools-for-stm32.11.3.rel1.win32_1.1.1.202309131626/tools/bin/../lib/gcc/arm-none-eabi/11.3.1/../../../../arm-none-eabi/lib/thumb/v7-m/nofp\libc_nano.a(libc_a-impure.o)
                              D:/CubeIDE/STM32CubeIDE_1.13.2/STM32CubeIDE/plugins/com.st.stm32cube.ide.mcu.externaltools.gnu-tools-for-stm32.11.3.rel1.win32_1.1.1.202309131626/tools/bin/../lib/gcc/arm-none-eabi/11.3.1/../../../../arm-none-eabi/lib/thumb/v7-m/nofp\libc_nano.a(libc_a-reent.o) (_impure_ptr)
D:/CubeIDE/STM32CubeIDE_1.13.2/STM32CubeIDE/plugins/com.st.stm32cube.ide.mcu.externaltools.gnu-tools-for-stm32.11.3.rel1.win32_1.1.1.202309131626/tools/bin/../lib/gcc/arm-none-eabi/11.3.1/../../../../arm-none-eabi/lib/thumb/v7-m/nofp\libc_nano.a(libc_a-lseekr.o)
[...]
Memory Configuration

Name             Origin             Length             Attributes
RAM              0x0000000020000000 0x0000000000005000 xrw
FLASH            0x0000000008000000 0x0000000000010000 xr
*default*        0x0000000000000000 0xffffffffffffffff

Linker script and memory map

LOAD D:/CubeIDE/STM32CubeIDE_1.13.2/STM32CubeIDE/plugins/com.st.stm32cube.ide.mcu.externaltools.gnu-tools-for-stm32.11.3.rel1.win32_1.1.1.202309131626/tools/bin/../lib/gcc/arm-none-eabi/11.3.1/thumb/v7-m/nofp/crti.o
LOAD D:/CubeIDE/STM32CubeIDE_1.13.2/STM32CubeIDE/plugins/com.st.stm32cube.ide.mcu.externaltools.gnu-tools-for-stm32.11.3.rel1.win32_1.1.1.202309131626/tools/bin/../lib/gcc/arm-none-eabi/11.3.1/thumb/v7-m/nofp/crtbegin.o
LOAD D:/CubeIDE/STM32CubeIDE_1.13.2/STM32CubeIDE/plugins/com.st.stm32cube.ide.mcu.externaltools.gnu-tools-for-stm32.11.3.rel1.win32_1.1.1.202309131626/tools/bin/../lib/gcc/arm-none-eabi/11.3.1/../../../../arm-none-eabi/lib/thumb/v7-m/nofp/crt0.o
LOAD ./Inc/stm32f103xx_gpio_driver.o
LOAD ./Src/002led_button.o
LOAD ./Src/syscalls.o
LOAD ./Src/sysmem.o
LOAD ./Startup/startup_stm32f103c8tx.o
START GROUP
LOAD D:/CubeIDE/STM32CubeIDE_1.13.2/STM32CubeIDE/plugins/com.st.stm32cube.ide.mcu.externaltools.gnu-tools-for-stm32.11.3.rel1.win32_1.1.1.202309131626/tools/bin/../lib/gcc/arm-none-eabi/11.3.1/../../../../arm-none-eabi/lib/thumb/v7-m/nofp\libstdc++_nano.a
LOAD D:/CubeIDE/STM32CubeIDE_1.13.2/STM32CubeIDE/plugins/com.st.stm32cube.ide.mcu.externaltools.gnu-tools-for-stm32.11.3.rel1.win32_1.1.1.202309131626/tools/bin/../lib/gcc/arm-none-eabi/11.3.1/../../../../arm-none-eabi/lib/thumb/v7-m/nofp\libsupc++_nano.a
END GROUP
LOAD D:/CubeIDE/STM32CubeIDE_1.13.2/STM32CubeIDE/plugins/com.st.stm32cube.ide.mcu.externaltools.gnu-tools-for-stm32.11.3.rel1.win32_1.1.1.202309131626/tools/bin/../lib/gcc/arm-none-eabi/11.3.1/../../../../arm-none-eabi/lib/thumb/v7-m/nofp\libstdc++_nano.a
LOAD D:/CubeIDE/STM32CubeIDE_1.13.2/STM32CubeIDE/plugins/com.st.stm32cube.ide.mcu.externaltools.gnu-tools-for-stm32.11.3.rel1.win32_1.1.1.202309131626/tools/bin/../lib/gcc/arm-none-eabi/11.3.1/../../../../arm-none-eabi/lib/thumb/v7-m/nofp\libm.a
LOAD D:/CubeIDE/STM32CubeIDE_1.13.2/STM32CubeIDE/plugins/com.st.stm32cube.ide.mcu.externaltools.gnu-tools-for-stm32.11.3.rel1.win32_1.1.1.202309131626/tools/bin/../lib/gcc/arm-none-eabi/11.3.1/../../../../arm-none-eabi/lib/thumb/v7-m/nofp\libc_nano.a
START GROUP
LOAD D:/CubeIDE/STM32CubeIDE_1.13.2/STM32CubeIDE/plugins/com.st.stm32cube.ide.mcu.externaltools.gnu-tools-for-stm32.11.3.rel1.win32_1.1.1.202309131626/tools/bin/../lib/gcc/arm-none-eabi/11.3.1/thumb/v7-m/nofp\libgcc.a
LOAD D:/CubeIDE/STM32CubeIDE_1.13.2/STM32CubeIDE/plugins/com.st.stm32cube.ide.mcu.externaltools.gnu-tools-for-stm32.11.3.rel1.win32_1.1.1.202309131626/tools/bin/../lib/gcc/arm-none-eabi/11.3.1/../../../../arm-none-eabi/lib/thumb/v7-m/nofp\libc_nano.a
END GROUP
START GROUP
LOAD D:/CubeIDE/STM32CubeIDE_1.13.2/STM32CubeIDE/plugins/com.st.stm32cube.ide.mcu.externaltools.gnu-tools-for-stm32.11.3.rel1.win32_1.1.1.202309131626/tools/bin/../lib/gcc/arm-none-eabi/11.3.1/thumb/v7-m/nofp\libgcc.a
LOAD D:/CubeIDE/STM32CubeIDE_1.13.2/STM32CubeIDE/plugins/com.st.stm32cube.ide.mcu.externaltools.gnu-tools-for-stm32.11.3.rel1.win32_1.1.1.202309131626/tools/bin/../lib/gcc/arm-none-eabi/11.3.1/../../../../arm-none-eabi/lib/thumb/v7-m/nofp\libc_nano.a
LOAD D:/CubeIDE/STM32CubeIDE_1.13.2/STM32CubeIDE/plugins/com.st.stm32cube.ide.mcu.externaltools.gnu-tools-for-stm32.11.3.rel1.win32_1.1.1.202309131626/tools/bin/../lib/gcc/arm-none-eabi/11.3.1/../../../../arm-none-eabi/lib/thumb/v7-m/nofp\libnosys.a
END GROUP
START GROUP
LOAD D:/CubeIDE/STM32CubeIDE_1.13.2/STM32CubeIDE/plugins/com.st.stm32cube.ide.mcu.externaltools.gnu-tools-for-stm32.11.3.rel1.win32_1.1.1.202309131626/tools/bin/../lib/gcc/arm-none-eabi/11.3.1/thumb/v7-m/nofp\libgcc.a
LOAD D:/CubeIDE/STM32CubeIDE_1.13.2/STM32CubeIDE/plugins/com.st.stm32cube.ide.mcu.externaltools.gnu-tools-for-stm32.11.3.rel1.win32_1.1.1.202309131626/tools/bin/../lib/gcc/arm-none-eabi/11.3.1/../../../../arm-none-eabi/lib/thumb/v7-m/nofp\libc_nano.a
LOAD D:/CubeIDE/STM32CubeIDE_1.13.2/STM32CubeIDE/plugins/com.st.stm32cube.ide.mcu.externaltools.gnu-tools-for-stm32.11.3.rel1.win32_1.1.1.202309131626/tools/bin/../lib/gcc/arm-none-eabi/11.3.1/../../../../arm-none-eabi/lib/thumb/v7-m/nofp\libnosys.a
END GROUP
LOAD D:/CubeIDE/STM32CubeIDE_1.13.2/STM32CubeIDE/plugins/com.st.stm32cube.ide.mcu.externaltools.gnu-tools-for-stm32.11.3.rel1.win32_1.1.1.202309131626/tools/bin/../lib/gcc/arm-none-eabi/11.3.1/thumb/v7-m/nofp/crtend.o
LOAD D:/CubeIDE/STM32CubeIDE_1.13.2/STM32CubeIDE/plugins/com.st.stm32cube.ide.mcu.externaltools.gnu-tools-for-stm32.11.3.rel1.win32_1.1.1.202309131626/tools/bin/../lib/gcc/arm-none-eabi/11.3.1/thumb/v7-m/nofp/crtn.o
                0x0000000020005000                _estack = (ORIGIN (RAM) + LENGTH (RAM))
                0x0000000000000200                _Min_Heap_Size = 0x200
                0x0000000000000400                _Min_Stack_Size = 0x400

.isr_vector     0x0000000008000000      0x130
                0x0000000008000000                . = ALIGN (0x4)
 *(.isr_vector)
 .isr_vector    0x0000000008000000      0x130 ./Startup/startup_stm32f103c8tx.o
                0x0000000008000000                g_pfnVectors
                0x0000000008000130                . = ALIGN (0x4)

.text           0x0000000008000130      0x878
                0x0000000008000130                . = ALIGN (0x4)
 *(.text)
 .text          0x0000000008000130       0x40 D:/CubeIDE/STM32CubeIDE_1.13.2/STM32CubeIDE/plugins/com.st.stm32cube.ide.mcu.externaltools.gnu-tools-for-stm32.11.3.rel1.win32_1.1.1.202309131626/tools/bin/../lib/gcc/arm-none-eabi/11.3.1/thumb/v7-m/nofp/crtbegin.o
 *(.text*)
 .text._ZN4GPIOC2EP13GPIO_RegDef_thmhh
                0x0000000008000170       0x48 ./Inc/stm32f103xx_gpio_driver.o
                0x0000000008000170                GPIO::GPIO(GPIO_RegDef_t*, unsigned char, unsigned long, unsigned char, unsigned char)
                0x0000000008000170                GPIO::GPIO(GPIO_RegDef_t*, unsigned char, unsigned long, unsigned char, unsigned char)
 .text._ZN4GPIO17GPIO_PeriClk_CtrlEP13GPIO_RegDef_th
                0x00000000080001b8       0xa4 ./Inc/stm32f103xx_gpio_driver.o
                0x00000000080001b8                GPIO::GPIO_PeriClk_Ctrl(GPIO_RegDef_t*, unsigned char)
 .text._ZN4GPIO9GPIO_InitEP13GPIO_Handle_t
                0x000000000800025c      0x5ac ./Inc/stm32f103xx_gpio_driver.o
                0x000000000800025c                GPIO::GPIO_Init(GPIO_Handle_t*)
 .text._ZN4GPIO21GPIO_ReadFromInputPinEP13GPIO_RegDef_th
                0x0000000008000808       0x2c ./Inc/stm32f103xx_gpio_driver.o
                0x0000000008000808                GPIO::GPIO_ReadFromInputPin(GPIO_RegDef_t*, unsigned char)
 .text._ZN4GPIO20GPIO_ToggleOutputPinEP13GPIO_RegDef_th
                0x0000000008000834       0x2a ./Inc/stm32f103xx_gpio_driver.o
                0x0000000008000834                GPIO::GPIO_ToggleOutputPin(GPIO_RegDef_t*, unsigned char)
 *fill*         0x000000000800085e        0x2 
 .text._Z5delayv
                0x0000000008000860       0x2c ./Src/002led_button.o
                0x0000000008000860                delay()
 .text.main     0x000000000800088c       0x68 ./Src/002led_button.o
                0x000000000800088c                main
 .text.Reset_Handler
                0x00000000080008f4       0x50 ./Startup/startup_stm32f103c8tx.o
                0x00000000080008f4                Reset_Handler
 .text.Default_Handler
                0x0000000008000944        0x2 ./Startup/startup_stm32f103c8tx.o
                0x0000000008000944                EXTI2_IRQHandler
                0x0000000008000944                TIM8_TRG_COM_IRQHandler
                0x0000000008000944                TIM8_CC_IRQHandler
                0x0000000008000944                DebugMon_Handler
                0x0000000008000944                TIM1_CC_IRQHandler
                0x0000000008000944                HardFault_Handler
                0x0000000008000944                TIM6_IRQHandler
                0x0000000008000944                SysTick_Handler
                0x0000000008000944                PVD_IRQHandler
                0x0000000008000944                SDIO_IRQHandler
                0x0000000008000944                PendSV_Handler
                0x0000000008000944                NMI_Handler
                0x0000000008000944                EXTI3_IRQHandler
                0x0000000008000944                USB_HP_CAN_TX_IRQHandler
                0x0000000008000944                EXTI0_IRQHandler
                0x0000000008000944                I2C2_EV_IRQHandler
                0x0000000008000944                UsageFault_Handler
                0x0000000008000944                ADC1_2_IRQHandler
                0x0000000008000944                SPI1_IRQHandler
                0x0000000008000944                CAN_SCE_IRQHandler
                0x0000000008000944                TAMPER_IRQHandler
                0x0000000008000944                TIM8_UP_IRQHandler
                0x0000000008000944                DMA2_Channel2_IRQHandler
                0x0000000008000944                DMA1_Channel4_IRQHandler
                0x0000000008000944                USART3_IRQHandler
                0x0000000008000944                RTC_IRQHandler
                0x0000000008000944                DMA1_Channel7_IRQHandler
                0x0000000008000944                UART5_IRQHandler
                0x0000000008000944                ADC3_IRQHandler
                0x0000000008000944                TIM4_IRQHandler
                0x0000000008000944                CAN_RX1_IRQHandler
                0x0000000008000944                DMA2_Channel1_IRQHandler
                0x0000000008000944                I2C1_EV_IRQHandler
                0x0000000008000944                DMA1_Channel6_IRQHandler
                0x0000000008000944                UART4_IRQHandler
                0x0000000008000944                TIM3_IRQHandler
                0x0000000008000944                RCC_IRQHandler
                0x0000000008000944                TIM1_TRG_COM_IRQHandler
                0x0000000008000944                DMA1_Channel1_IRQHandler
                0x0000000008000944                Default_Handler
                0x0000000008000944                EXTI15_10_IRQHandler
                0x0000000008000944                TIM7_IRQHandler
                0x0000000008000944                TIM5_IRQHandler
                0x0000000008000944                EXTI9_5_IRQHandler
                0x0000000008000944                SPI2_IRQHandler
                0x0000000008000944                USB_LP_CAN_RX0_IRQHandler
                0x0000000008000944                MemManage_Handler
                0x0000000008000944                SVC_Handler
                0x0000000008000944                DMA1_Channel5_IRQHandler
                0x0000000008000944                EXTI4_IRQHandler
                0x0000000008000944                DMA1_Channel3_IRQHandler
                0x0000000008000944                FSMC_IRQHandler
                0x0000000008000944                TIM1_UP_IRQHandler
                0x0000000008000944                WWDG_IRQHandler
                0x0000000008000944                TIM2_IRQHandler
                0x0000000008000944                TIM1_BRK_IRQHandler
                0x0000000008000944                EXTI1_IRQHandler
                0x0000000008000944                RTCAlarm_IRQHandler
                0x0000000008000944                DMA2_Channel4_5_IRQHandler
                0x0000000008000944                USART2_IRQHandler
                0x0000000008000944                I2C2_ER_IRQHandler
                0x0000000008000944                DMA1_Channel2_IRQHandler
                0x0000000008000944                TIM8_BRK_IRQHandler
                0x0000000008000944                FLASH_IRQHandler
                0x0000000008000944                BusFault_Handler
                0x0000000008000944                USART1_IRQHandler
                0x0000000008000944                SPI3_IRQHandler
                0x0000000008000944                I2C1_ER_IRQHandler
                0x0000000008000944                DMA2_Channel3_IRQHandler
 *fill*         0x0000000008000946        0x2 
 .text.__libc_init_array
                0x0000000008000948       0x48 D:/CubeIDE/STM32CubeIDE_1.13.2/STM32CubeIDE/plugins/com.st.stm32cube.ide.mcu.externaltools.gnu-tools-for-stm32.11.3.rel1.win32_1.1.1.202309131626/tools/bin/../lib/gcc/arm-none-eabi/11.3.1/../../../../arm-none-eabi/lib/thumb/v7-m/nofp\libc_nano.a(libc_a-init.o)
                0x0000000008000948                __libc_init_array
 *(.glue_7)
 .glue_7        0x0000000008000990        0x0 linker stubs
 *(.glue_7t)
 .glue_7t       0x0000000008000990        0x0 linker stubs
 *(.eh_frame)
 .eh_frame      0x0000000008000990        0x0 D:/CubeIDE/STM32CubeIDE_1.13.2/STM32CubeIDE/plugins/com.st.stm32cube.ide.mcu.externaltools.gnu-tools-for-stm32.11.3.rel1.win32_1.1.1.202309131626/tools/bin/../lib/gcc/arm-none-eabi/11.3.1/thumb/v7-m/nofp/crtbegin.o
 *(.init)
 .init          0x0000000008000990        0x4 D:/CubeIDE/STM32CubeIDE_1.13.2/STM32CubeIDE/plugins/com.st.stm32cube.ide.mcu.externaltools.gnu-tools-for-stm32.11.3.rel1.win32_1.1.1.202309131626/tools/bin/../lib/gcc/arm-none-eabi/11.3.1/thumb/v7-m/nofp/crti.o
                0x0000000008000990                _init
 .init          0x0000000008000994        0x8 D:/CubeIDE/STM32CubeIDE_1.13.2/STM32CubeIDE/plugins/com.st.stm32cube.ide.mcu.externaltools.gnu-tools-for-stm32.11.3.rel1.win32_1.1.1.202309131626/tools/bin/../lib/gcc/arm-none-eabi/11.3.1/thumb/v7-m/nofp/crtn.o
 *(.fini)
 .fini          0x000000000800099c        0x4 D:/CubeIDE/STM32CubeIDE_1.13.2/STM32CubeIDE/plugins/com.st.stm32cube.ide.mcu.externaltools.gnu-tools-for-stm32.11.3.rel1.win32_1.1.1.202309131626/tools/bin/../lib/gcc/arm-none-eabi/11.3.1/thumb/v7-m/nofp/crti.o
                0x000000000800099c                _fini
 .fini          0x00000000080009a0        0x8 D:/CubeIDE/STM32CubeIDE_1.13.2/STM32CubeIDE/plugins/com.st.stm32cube.ide.mcu.externaltools.gnu-tools-for-stm32.11.3.rel1.win32_1.1.1.202309131626/tools/bin/../lib/gcc/arm-none-eabi/11.3.1/thumb/v7-m/nofp/crtn.o
                0x00000000080009a8                . = ALIGN (0x4)
                0x00000000080009a8                _etext = .

.vfp11_veneer   0x00000000080009a8        0x0
 .vfp11_veneer  0x00000000080009a8        0x0 linker stubs

.v4_bx          0x00000000080009a8        0x0
 .v4_bx         0x00000000080009a8        0x0 linker stubs

.iplt           0x00000000080009a8        0x0
 .iplt          0x00000000080009a8        0x0 D:/CubeIDE/STM32CubeIDE_1.13.2/STM32CubeIDE/plugins/com.st.stm32cube.ide.mcu.externaltools.gnu-tools-for-stm32.11.3.rel1.win32_1.1.1.202309131626/tools/bin/../lib/gcc/arm-none-eabi/11.3.1/thumb/v7-m/nofp/crtbegin.o

.rel.dyn        0x00000000080009a8        0x0
 .rel.iplt      0x00000000080009a8        0x0 D:/CubeIDE/STM32CubeIDE_1.13.2/STM32CubeIDE/plugins/com.st.stm32cube.ide.mcu.externaltools.gnu-tools-for-stm32.11.3.rel1.win32_1.1.1.202309131626/tools/bin/../lib/gcc/arm-none-eabi/11.3.1/thumb/v7-m/nofp/crtbegin.o

.rodata         0x00000000080009a8        0x0
                0x00000000080009a8                . = ALIGN (0x4)
 *(.rodata)
 *(.rodata*)
                0x00000000080009a8                . = ALIGN (0x4)

.ARM.extab      0x00000000080009a8        0x0
                0x00000000080009a8                . = ALIGN (0x4)
 *(.ARM.extab* .gnu.linkonce.armextab.*)
                0x00000000080009a8                . = ALIGN (0x4)

.ARM            0x00000000080009a8        0x0
                0x00000000080009a8                . = ALIGN (0x4)
                0x00000000080009a8                __exidx_start = .
 *(.ARM.exidx*)
                0x00000000080009a8                __exidx_end = .
                0x00000000080009a8                . = ALIGN (0x4)

.preinit_array  0x00000000080009a8        0x0
                0x00000000080009a8                . = ALIGN (0x4)
                0x00000000080009a8                PROVIDE (__preinit_array_start = .)
 *(.preinit_array*)
                0x00000000080009a8                PROVIDE (__preinit_array_end = .)
                0x00000000080009a8                . = ALIGN (0x4)

.init_array     0x00000000080009a8        0x4
                0x00000000080009a8                . = ALIGN (0x4)
                0x00000000080009a8                PROVIDE (__init_array_start = .)
 *(SORT_BY_NAME(.init_array.*))
 *(.init_array*)
 .init_array    0x00000000080009a8        0x4 D:/CubeIDE/STM32CubeIDE_1.13.2/STM32CubeIDE/plugins/com.st.stm32cube.ide.mcu.externaltools.gnu-tools-for-stm32.11.3.rel1.win32_1.1.1.202309131626/tools/bin/../lib/gcc/arm-none-eabi/11.3.1/thumb/v7-m/nofp/crtbegin.o
                0x00000000080009ac                PROVIDE (__init_array_end = .)
                0x00000000080009ac                . = ALIGN (0x4)

.fini_array     0x00000000080009ac        0x4
                0x00000000080009ac                . = ALIGN (0x4)
                [!provide]                        PROVIDE (__fini_array_start = .)
 *(SORT_BY_NAME(.fini_array.*))
 *(.fini_array*)
 .fini_array    0x00000000080009ac        0x4 D:/CubeIDE/STM32CubeIDE_1.13.2/STM32CubeIDE/plugins/com.st.stm32cube.ide.mcu.externaltools.gnu-tools-for-stm32.11.3.rel1.win32_1.1.1.202309131626/tools/bin/../lib/gcc/arm-none-eabi/11.3.1/thumb/v7-m/nofp/crtbegin.o
                [!provide]                        PROVIDE (__fini_array_end = .)
                0x00000000080009b0                . = ALIGN (0x4)
                0x00000000080009b0                _sidata = LOADADDR (.data)

.data           0x0000000020000000        0x0 load address 0x00000000080009b0
                0x0000000020000000                . = ALIGN (0x4)
                0x0000000020000000                _sdata = .
 *(.data)
 *(.data*)
 *(.RamFunc)
 *(.RamFunc*)
                0x0000000020000000                . = ALIGN (0x4)
                0x0000000020000000                _edata = .

.igot.plt       0x0000000020000000        0x0 load address 0x00000000080009b0
 .igot.plt      0x0000000020000000        0x0 D:/CubeIDE/STM32CubeIDE_1.13.2/STM32CubeIDE/plugins/com.st.stm32cube.ide.mcu.externaltools.gnu-tools-for-stm32.11.3.rel1.win32_1.1.1.202309131626/tools/bin/../lib/gcc/arm-none-eabi/11.3.1/thumb/v7-m/nofp/crtbegin.o
                0x0000000020000000                . = ALIGN (0x4)

.bss            0x0000000020000000       0x1c load address 0x00000000080009b0
                0x0000000020000000                _sbss = .
                0x0000000020000000                __bss_start__ = _sbss
 *(.bss)
 .bss           0x0000000020000000       0x1c D:/CubeIDE/STM32CubeIDE_1.13.2/STM32CubeIDE/plugins/com.st.stm32cube.ide.mcu.externaltools.gnu-tools-for-stm32.11.3.rel1.win32_1.1.1.202309131626/tools/bin/../lib/gcc/arm-none-eabi/11.3.1/thumb/v7-m/nofp/crtbegin.o
 *(.bss*)
 *(COMMON)
                0x000000002000001c                . = ALIGN (0x4)
                0x000000002000001c                _ebss = .
                0x000000002000001c                __bss_end__ = _ebss

._user_heap_stack
                0x000000002000001c      0x604 load address 0x00000000080009b0
                0x0000000020000020                . = ALIGN (0x8)
 *fill*         0x000000002000001c        0x4 
                [!provide]                        PROVIDE (end = .)
                0x0000000020000020                PROVIDE (_end = .)
                0x0000000020000220                . = (. + _Min_Heap_Size)
 *fill*         0x0000000020000020      0x200 
                0x0000000020000620                . = (. + _Min_Stack_Size)
 *fill*         0x0000000020000220      0x400 
                0x0000000020000620                . = ALIGN (0x8)

/DISCARD/
 libc.a(*)
 libm.a(*)
 libgcc.a(*)

.ARM.attributes
                0x0000000000000000       0x29
 *(.ARM.attributes)
 .ARM.attributes
                0x0000000000000000       0x1d D:/CubeIDE/STM32CubeIDE_1.13.2/STM32CubeIDE/plugins/com.st.stm32cube.ide.mcu.externaltools.gnu-tools-for-stm32.11.3.rel1.win32_1.1.1.202309131626/tools/bin/../lib/gcc/arm-none-eabi/11.3.1/thumb/v7-m/nofp/crti.o
 .ARM.attributes
                0x000000000000001d       0x2d D:/CubeIDE/STM32CubeIDE_1.13.2/STM32CubeIDE/plugins/com.st.stm32cube.ide.mcu.externaltools.gnu-tools-for-stm32.11.3.rel1.win32_1.1.1.202309131626/tools/bin/../lib/gcc/arm-none-eabi/11.3.1/thumb/v7-m/nofp/crtbegin.o
 .ARM.attributes
                0x000000000000004a       0x2d ./Inc/stm32f103xx_gpio_driver.o
 .ARM.attributes
                0x0000000000000077       0x2d ./Src/002led_button.o
 .ARM.attributes
                0x00000000000000a4       0x21 ./Startup/startup_stm32f103c8tx.o
 .ARM.attributes
                0x00000000000000c5       0x2d D:/CubeIDE/STM32CubeIDE_1.13.2/STM32CubeIDE/plugins/com.st.stm32cube.ide.mcu.externaltools.gnu-tools-for-stm32.11.3.rel1.win32_1.1.1.202309131626/tools/bin/../lib/gcc/arm-none-eabi/11.3.1/../../../../arm-none-eabi/lib/thumb/v7-m/nofp\libc_nano.a(libc_a-init.o)
 .ARM.attributes
                0x00000000000000f2       0x1d D:/CubeIDE/STM32CubeIDE_1.13.2/STM32CubeIDE/plugins/com.st.stm32cube.ide.mcu.externaltools.gnu-tools-for-stm32.11.3.rel1.win32_1.1.1.202309131626/tools/bin/../lib/gcc/arm-none-eabi/11.3.1/thumb/v7-m/nofp/crtn.o
OUTPUT(Driver_cpp.elf elf32-littlearm)
LOAD linker stubs
LOAD D:/CubeIDE/STM32CubeIDE_1.13.2/STM32CubeIDE/plugins/com.st.stm32cube.ide.mcu.externaltools.gnu-tools-for-stm32.11.3.rel1.win32_1.1.1.202309131626/tools/bin/../lib/gcc/arm-none-eabi/11.3.1/../../../../arm-none-eabi/lib/thumb/v7-m/nofp\libc.a
LOAD D:/CubeIDE/STM32CubeIDE_1.13.2/STM32CubeIDE/plugins/com.st.stm32cube.ide.mcu.externaltools.gnu-tools-for-stm32.11.3.rel1.win32_1.1.1.202309131626/tools/bin/../lib/gcc/arm-none-eabi/11.3.1/../../../../arm-none-eabi/lib/thumb/v7-m/nofp\libm.a
LOAD D:/CubeIDE/STM32CubeIDE_1.13.2/STM32CubeIDE/plugins/com.st.stm32cube.ide.mcu.externaltools.gnu-tools-for-stm32.11.3.rel1.win32_1.1.1.202309131626/tools/bin/../lib/gcc/arm-none-eabi/11.3.1/thumb/v7-m/nofp\libgcc.a

.comment        0x0000000000000000       0x43
 .comment       0x0000000000000000       0x43 D:/CubeIDE/STM32CubeIDE_1.13.2/STM32CubeIDE/plugins/com.st.stm32cube.ide.mcu.externaltools.gnu-tools-for-stm32.11.3.rel1.win32_1.1.1.202309131626/tools/bin/../lib/gcc/arm-none-eabi/11.3.1/thumb/v7-m/nofp/crtbegin.o
                                         0x44 (size before relaxing)
 .comment       0x0000000000000043       0x44 ./Inc/stm32f103xx_gpio_driver.o
 .comment       0x0000000000000043       0x44 ./Src/002led_button.o

.debug_info     0x0000000000000000      0xdb4
 .debug_info    0x0000000000000000      0x936 ./Inc/stm32f103xx_gpio_driver.o
 .debug_info    0x0000000000000936      0x45b ./Src/002led_button.o
 .debug_info    0x0000000000000d91       0x23 ./Startup/startup_stm32f103c8tx.o

.debug_abbrev   0x0000000000000000      0x43b
 .debug_abbrev  0x0000000000000000      0x24c ./Inc/stm32f103xx_gpio_driver.o
 .debug_abbrev  0x000000000000024c      0x1dd ./Src/002led_button.o
 .debug_abbrev  0x0000000000000429       0x12 ./Startup/startup_stm32f103c8tx.o

.debug_aranges  0x0000000000000000       0xc8
 .debug_aranges
                0x0000000000000000       0x78 ./Inc/stm32f103xx_gpio_driver.o
 .debug_aranges
                0x0000000000000078       0x28 ./Src/002led_button.o
 .debug_aranges
                0x00000000000000a0       0x28 ./Startup/startup_stm32f103c8tx.o

.debug_rnglists
                0x0000000000000000       0x9f
 .debug_rnglists
                0x0000000000000000       0x6d ./Inc/stm32f103xx_gpio_driver.o
 .debug_rnglists
                0x000000000000006d       0x19 ./Src/002led_button.o
 .debug_rnglists
                0x0000000000000086       0x19 ./Startup/startup_stm32f103c8tx.o

.debug_macro    0x0000000000000000     0x21e8
 .debug_macro   0x0000000000000000      0x15e ./Inc/stm32f103xx_gpio_driver.o
 .debug_macro   0x000000000000015e      0xb7a ./Inc/stm32f103xx_gpio_driver.o
 .debug_macro   0x0000000000000cd8       0x1c ./Inc/stm32f103xx_gpio_driver.o
 .debug_macro   0x0000000000000cf4       0x22 ./Inc/stm32f103xx_gpio_driver.o
 .debug_macro   0x0000000000000d16       0x8e ./Inc/stm32f103xx_gpio_driver.o
 .debug_macro   0x0000000000000da4       0x51 ./Inc/stm32f103xx_gpio_driver.o
 .debug_macro   0x0000000000000df5      0x103 ./Inc/stm32f103xx_gpio_driver.o
 .debug_macro   0x0000000000000ef8       0x6a ./Inc/stm32f103xx_gpio_driver.o
 .debug_macro   0x0000000000000f62      0x1df ./Inc/stm32f103xx_gpio_driver.o
 .debug_macro   0x0000000000001141       0x61 ./Inc/stm32f103xx_gpio_driver.o
 .debug_macro   0x00000000000011a2       0x24 ./Inc/stm32f103xx_gpio_driver.o
 .debug_macro   0x00000000000011c6       0x43 ./Inc/stm32f103xx_gpio_driver.o
 .debug_macro   0x0000000000001209       0x34 ./Inc/stm32f103xx_gpio_driver.o
 .debug_macro   0x000000000000123d      0x17b ./Inc/stm32f103xx_gpio_driver.o
 .debug_macro   0x00000000000013b8       0x16 ./Inc/stm32f103xx_gpio_driver.o
 .debug_macro   0x00000000000013ce       0x43 ./Inc/stm32f103xx_gpio_driver.o
 .debug_macro   0x0000000000001411       0x34 ./Inc/stm32f103xx_gpio_driver.o
 .debug_macro   0x0000000000001445       0x10 ./Inc/stm32f103xx_gpio_driver.o
 .debug_macro   0x0000000000001455       0x58 ./Inc/stm32f103xx_gpio_driver.o
 .debug_macro   0x00000000000014ad       0x8e ./Inc/stm32f103xx_gpio_driver.o
 .debug_macro   0x000000000000153b       0x16 ./Inc/stm32f103xx_gpio_driver.o
 .debug_macro   0x0000000000001551      0x177 ./Inc/stm32f103xx_gpio_driver.o
 .debug_macro   0x00000000000016c8      0x38c ./Inc/stm32f103xx_gpio_driver.o
 .debug_macro   0x0000000000001a54       0x10 ./Inc/stm32f103xx_gpio_driver.o
 .debug_macro   0x0000000000001a64       0x35 ./Inc/stm32f103xx_gpio_driver.o
 .debug_macro   0x0000000000001a99       0x20 ./Inc/stm32f103xx_gpio_driver.o
 .debug_macro   0x0000000000001ab9      0x4d1 ./Inc/stm32f103xx_gpio_driver.o
 .debug_macro   0x0000000000001f8a       0xf4 ./Inc/stm32f103xx_gpio_driver.o
 .debug_macro   0x000000000000207e      0x16a ./Src/002led_button.o

.debug_line     0x0000000000000000     0x1319
 .debug_line    0x0000000000000000      0xc9a ./Inc/stm32f103xx_gpio_driver.o
 .debug_line    0x0000000000000c9a      0x604 ./Src/002led_button.o
 .debug_line    0x000000000000129e       0x7b ./Startup/startup_stm32f103c8tx.o

.debug_str      0x0000000000000000     0x9618
 .debug_str     0x0000000000000000     0x957e ./Inc/stm32f103xx_gpio_driver.o
                                       0x9803 (size before relaxing)
 .debug_str     0x000000000000957e       0x6b ./Src/002led_button.o
                                       0x96c6 (size before relaxing)
 .debug_str     0x00000000000095e9       0x2f ./Startup/startup_stm32f103c8tx.o
                                         0x62 (size before relaxing)

.debug_frame    0x0000000000000000      0x270
 .debug_frame   0x0000000000000000      0x1ec ./Inc/stm32f103xx_gpio_driver.o
 .debug_frame   0x00000000000001ec       0x58 ./Src/002led_button.o
 .debug_frame   0x0000000000000244       0x2c D:/CubeIDE/STM32CubeIDE_1.13.2/STM32CubeIDE/plugins/com.st.stm32cube.ide.mcu.externaltools.gnu-tools-for-stm32.11.3.rel1.win32_1.1.1.202309131626/tools/bin/../lib/gcc/arm-none-eabi/11.3.1/../../../../arm-none-eabi/lib/thumb/v7-m/nofp\libc_nano.a(libc_a-init.o)

.debug_line_str
                0x0000000000000000       0x56
 .debug_line_str
                0x0000000000000000       0x56 ./Startup/startup_stm32f103c8tx.o
                                         0x6e (size before relaxing)
